[backblue.gif]
[fade.gif]
[index.html]
[www.gre.ac.uk/__data/assets/git_bridge/0023/51098/libraries/onetrust/consent/66a8ded1-40a9-4daf-8edb-f3941de76e8d/OtAutoBlockc6aa.js]
[www.gre.ac.uk/__data/assets/git_bridge/0023/51098/gre/_css/gre_2259ec.css]
[www.gre.ac.uk/__data/assets/git_bridge/0023/51098/gre/_css/gre-appa7fa.css]
[www.gre.ac.uk/__data/assets/git_bridge/0023/51098/gre/_css/external/onetrust.css]
[www.gre.ac.uk/__data/assets/image/0024/208914/varieties/v16.png]
[www.gre.ac.uk/__data/assets/image/0024/208914/varieties/v32.png]
[www.gre.ac.uk/__data/assets/image/0024/208914/varieties/v96.png]
[www.gre.ac.uk/__data/assets/image/0024/208914/varieties/v180.png]
[www.gre.ac.uk/__data/assets/image/0024/208914/varieties/v167.png]
[www.gre.ac.uk/__data/assets/image/0024/208914/varieties/v152.png]
[www.gre.ac.uk/__data/assets/image/0024/208914/varieties/v120.png]
[www.gre.ac.uk/__data/assets/image/0035/265688/logo_final_on_white.png]
[www.gre.ac.uk/__data/assets/image/0032/296195/varieties/v800.jpg]
[www.gre.ac.uk/__data/assets/image/0024/291714/varieties/v1200.jpg]
[www.gre.ac.uk/__data/assets/image/0024/291714/banner-clearing-image.jpg]
[www.gre.ac.uk/__data/assets/image/0032/291794/varieties/v1200.jpg]
[www.gre.ac.uk/__data/assets/image/0032/291794/clearing-banner.jpg]
[www.gre.ac.uk/__data/assets/image/0019/303238/varieties/v1200.jpg]
[www.gre.ac.uk/__data/assets/image/0019/303238/school-of-stage-and-screen-speech.jpg]
[www.gre.ac.uk/__data/assets/image/0030/293871/mar-bnr-ip-group-of-students-sitting-20220726.jpg]
[www.gre.ac.uk/__data/assets/image/0023/270671/varieties/v800.jpg]
[www.gre.ac.uk/__data/assets/image/0026/270494/varieties/v800.jpg]
[www.gre.ac.uk/__data/assets/image/0028/287452/varieties/v800.jpg]
[www.gre.ac.uk/__data/assets/image/0018/270414/varieties/v800.jpg]
[www.gre.ac.uk/__data/assets/image/0022/270418/varieties/v800.jpg]
[www.gre.ac.uk/__data/assets/image/0015/270420/varieties/v800.jpg]
[www.gre.ac.uk/__data/assets/image/0020/270416/varieties/v800.jpg]
[www.gre.ac.uk/__data/assets/image/0021/270534/varieties/v800.jpg]
[www.gre.ac.uk/__data/assets/image/0027/287442/varieties/v800.jpg]
[www.gre.ac.uk/__data/assets/image/0029/268607/varieties/v800.jpg]
[www.gre.ac.uk/__data/assets/image/0035/268577/varieties/v800.jpg]
[www.gre.ac.uk/__data/assets/image/0030/289335/varieties/v800.jpg]
[www.gre.ac.uk/__data/assets/image/0028/270496/varieties/v800.jpg]
[www.gre.ac.uk/__data/assets/image/0023/270428/varieties/v800.jpg]
[www.gre.ac.uk/__data/assets/image/0031/287491/varieties/v800.jpg]
[code.jquery.com/jquery-3.4.1.min.js]
[www.gre.ac.uk/__data/assets/git_bridge/0023/51098/gre/_js/foundation.minc6aa.js]
[www.gre.ac.uk/__data/assets/git_bridge/0023/51098/gre/_js/motion-ui.minc6aa.js]
[www.gre.ac.uk/__data/assets/git_bridge/0023/51098/gre/_js/instafeed.minc6aa.js]
[www.gre.ac.uk/__data/assets/git_bridge/0023/51098/gre/_js/handlebars-v4.0.4c6aa.js]
[www.gre.ac.uk/__data/assets/git_bridge/0023/51098/gre/_js/greee02.js]
[www.gre.ac.uk/__data/assets/git_bridge/0023/51098/gre/_js/gre-reviewc6aa.js]
[www.gre.ac.uk/__data/assets/git_bridge/0023/51098/gre/_js/gre-searchjsc6aa.js]
[www.gre.ac.uk/__data/assets/git_bridge/0023/51098/gre/_js/app8efc.js]
[www.gre.ac.uk/__data/assets/git_bridge/0023/51098/gre/_js/lazysizesc6aa.js]
[www.gre.ac.uk/__data/assets/git_bridge/0023/51098/gre/_js/js-cookiec6aa.js]
[www.gre.ac.uk/__data/assets/git_bridge/0023/51098/gre/_js/core-js/gre-displayc6aa.js]
[www.gre.ac.uk/__data/assets/git_bridge/0023/51098/gre/_js/core-js/gre-functionsc6aa.js]
[www.gre.ac.uk/__data/assets/git_bridge/0023/51098/gre/_js/core-js/gre-third-party-actions.js]
[www.gre.ac.uk/__data/assets/git_bridge/0014/51125/gre/_js/core-js/gre-ssjs-helpers8efc.js]
[www.gre.ac.uk/__data/assets/git_bridge/0023/51098/libraries/onetrust/scripttemplates/otSDKStub.js]
[www.gre.ac.uk/__data/assets/git_bridge/0023/51098/libraries/livechat/livechatc6aa.js]
[www.gre.ac.uk/__data/assets/git_bridge/0023/51098/gre/_js/gre-listenersc6aa.js]
[www.gre.ac.uk/__data/assets/js_file/0012/214023/personalisation-framework.mine5d1.js]
[www.google-analytics.com/analytics.js]
[www.gre.ac.uk/__data/assets/git_bridge/0023/51098/libraries/postscribe/postscribe_minbda4.js]
[www.gre.ac.uk/__data/assets/image/0013/7132/University-Alliance-Logo.png]
[www.gre.ac.uk/__data/assets/image/0016/303190/studentchoice_top10.png]
[www.gre.ac.uk/index.html]
[www.gre.ac.uk/__data/assets/git_bridge/0023/51098/libraries/webfonts/fa-solid-900.woff2]
[www.gre.ac.uk/__data/assets/git_bridge/0023/51098/libraries/webfonts/fa-solid-900.ttf]
[www.gre.ac.uk/__data/assets/git_bridge/0023/51098/libraries/webfonts/fa-light-300.woff2]
[www.gre.ac.uk/__data/assets/git_bridge/0023/51098/libraries/webfonts/fa-light-300.ttf]
[www.gre.ac.uk/__data/assets/git_bridge/0023/51098/libraries/webfonts/fa-regular-400.woff2]
[www.gre.ac.uk/__data/assets/git_bridge/0023/51098/libraries/webfonts/fa-regular-400.ttf]
[www.gre.ac.uk/__data/assets/git_bridge/0023/51098/libraries/webfonts/fa-brands-400.woff2]
[www.gre.ac.uk/__data/assets/git_bridge/0023/51098/libraries/webfonts/fa-brands-400.ttf]
[www.gre.ac.uk/skunkworks/an15/_css/fonts/cooperhewitt-medium-webfont.woff2_;]
[www.gre.ac.uk/skunkworks/an15/_css/fonts/cooperhewitt-semibold-webfont.woff2_;]
[www.gre.ac.uk/__data/assets/image/0025/9619/clearing-header-gradient.jpg]
[www.gre.ac.uk/__data/assets/image/0024/9618/clearingarrowwhiteblue.jpg]
[www.gre.ac.uk/__data/assets/image/0017/9620/clearingarrowblue.jpg]
[www.gre.ac.uk/__data/assets/git_bridge/0023/51098/gre/_css/gre_2259ec.css]
[www.gre.ac.uk/__data/assets/git_bridge/0023/51098/gre/_css/gre-appa7fa.css]
[www.gre.ac.uk/__data/assets/git_bridge/0023/51098/gre/_css/external/onetrust.css]
[www.googletagmanager.com/gtm5445.html]
[www.gre.ac.uk/__data/assets/image/0028/287713/varieties/v800.jpg]
[www.gre.ac.uk/__data/assets/image/0024/294207/varieties/v800.jpg]
[www.gre.ac.uk/__data/assets/image/0023/119327/varieties/v800.jpg]
[www.gre.ac.uk/__data/assets/image/0026/294407/varieties/v800.jpg]
[www.gre.ac.uk/about-us/faculty.html]
[www.gre.ac.uk/__data/assets/image/0028/119845/varieties/v800.jpg]
[www.gre.ac.uk/__data/assets/image/0038/287489/varieties/v800.jpg]
[www.gre.ac.uk/__data/assets/image/0024/119652/gr-domes-lawn.jpg]
[www.gre.ac.uk/__data/assets/image/0024/119652/varieties/v1200.jpg]
[www.gre.ac.uk/__data/assets/image/0020/233444/miaaxtell.jpg]
[www.gre.ac.uk/__data/assets/image/0024/7746/Chloe_Tebbutt-500.jpg]
[www.gre.ac.uk/__data/assets/image/0021/7158/guy-penwill-computing.jpg]
[www.gre.ac.uk/__data/assets/image/0020/7760/Connor_Felstead-1.jpg]
[www.gre.ac.uk/__data/assets/image/0027/7749/Jenika-Maisuria-web.jpg]
[www.gre.ac.uk/__data/assets/image/0026/244277/skye-kennedycullen-quote.jpg]
[www.gre.ac.uk/__data/assets/image/0029/5978/varieties/v800.jpg]
[www.gre.ac.uk/__data/assets/image/0030/293871/varieties/v800.jpg]
[www.gre.ac.uk/__data/assets/image/0018/270513/varieties/v800.jpg]
[www.gre.ac.uk/study.html]
[platform.twitter.com/widgets.js]
[www.gre.ac.uk/__data/assets/image/0031/119668/varieties/v800.jpg]
[www.gre.ac.uk/__data/assets/image/0025/5794/varieties/v800.jpg]
[www.gre.ac.uk/__data/assets/image/0029/270479/varieties/v800.jpg]
[www.gre.ac.uk/__data/assets/image/0019/270505/varieties/v800.jpg]
[www.gre.ac.uk/__data/assets/image/0021/270507/varieties/v800.jpg]
[www.gre.ac.uk/__data/assets/image/0020/270506/varieties/v800.jpg]
[www.gre.ac.uk/__data/assets/image/0019/119701/varieties/v800.jpg]
[www.gre.ac.uk/__data/assets/image/0027/119664/varieties/v1200.jpg]
[www.gre.ac.uk/events.html]
[www.gre.ac.uk/__data/assets/image/0023/270527/varieties/v800.jpg]
[www.gre.ac.uk/__data/assets/image/0020/7157/alex-mcgrath.jpg]
[www.gre.ac.uk/__data/assets/image/0025/289024/varieties/v800.jpg]
[www.gre.ac.uk/__data/assets/image/0023/286223/varieties/v800.jpg]
[www.gre.ac.uk/__data/assets/image/0021/270408/varieties/v800.jpg]
[www.gre.ac.uk/__data/assets/image/0017/5705/varieties/v800.jpg]
[www.gre.ac.uk/__data/assets/image/0015/5712/varieties/v800.jpg]
[www.gre.ac.uk/__data/assets/image/0028/119683/varieties/v800.jpg]
[www.gre.ac.uk/undergraduate-courses.html]
[www.gre.ac.uk/__data/assets/image/0014/120344/varieties/v800.jpg]
[www.gre.ac.uk/__data/assets/image/0017/303272/studentchoice_top_pg.png]
[www.gre.ac.uk/postgraduate-courses.html]
[www.gre.ac.uk/__data/assets/image/0021/270408/2mar-cstm-ip-graduates-looking-face-to-face-20220407.jpg]
[www.gre.ac.uk/__data/assets/image/0030/119649/varieties/v800.jpg]
[www.gre.ac.uk/__data/assets/image/0024/119940/varieties/v800.jpg]
[www.gre.ac.uk/__data/assets/image/0019/270415/1mar-cstm-ip-maths-students-outside-20220407.jpg]
[www.gre.ac.uk/__data/assets/image/0017/270422/1mar-cstm-ip-student-wearing-vr-20220407.jpg]
[www.gre.ac.uk/__data/assets/image/0015/270411/1mar-cstm-ip-lab-work-20220407.jpg]
[www.gre.ac.uk/__data/assets/image/0014/120236/varieties/v800.jpg]
[www.gre.ac.uk/__data/assets/image/0016/120229/varieties/v800.jpg]
[www.gre.ac.uk/study/student-experience.html]
[www.gre.ac.uk/__data/assets/image/0014/120236/mar-bnr-ip-student-smiling.jpg]
[www.gre.ac.uk/__data/assets/image/0016/120229/Student-ambassador-with-hand.jpg]
[www.gre.ac.uk/__data/assets/image/0029/5978/walking-tour.jpg]
[www.gre.ac.uk/__data/assets/image/0025/119653/varieties/v800.jpg]
[www.gre.ac.uk/__data/assets/image/0018/120339/varieties/v800.jpg]
[www.gre.ac.uk/__data/assets/image/0027/5985/varieties/v800.jpg]
[www.gre.ac.uk/__data/assets/image/0024/119652/varieties/v800.jpg]
[www.gre.ac.uk/__data/assets/image/0019/119323/varieties/v800.jpg]
[www.gre.ac.uk/__data/assets/image/0026/5786/varieties/v800.jpg]
[www.gre.ac.uk/events/opendays.html]
[www.gre.ac.uk/__data/assets/image/0025/6469/varieties/v1200.jpg]
[www.gre.ac.uk/__data/assets/image/0027/119682/varieties/v1200.jpg]
[www.gre.ac.uk/__data/assets/image/0025/119914/varieties/v1200.jpg]
[www.gre.ac.uk/__data/assets/image/0026/119690/varieties/v1200.jpg]
[www.gre.ac.uk/__data/assets/image/0022/294160/varieties/v800.jpg]
[www.gre.ac.uk/__data/assets/image/0022/5827/varieties/v800.jpg]
[www.gre.ac.uk/__data/assets/image/0030/119685/varieties/v800.jpg]
[www.gre.ac.uk/__data/assets/image/0030/119982/varieties/v1200.jpg]
[www.gre.ac.uk/accommodation.html]
[www.gre.ac.uk/__data/assets/image/0022/6583/TeacherEducationSubjectpage.jpg]
[www.gre.ac.uk/__data/assets/image/0024/119832/varieties/v800.jpg]
[www.gre.ac.uk/__data/assets/image/0014/6323/varieties/v800.jpg]
[www.gre.ac.uk/__data/assets/image/0031/119938/varieties/v800.jpg]
[www.gre.ac.uk/__data/assets/image/0020/119423/varieties/v800.jpg]
[www.gre.ac.uk/__data/assets/image/0014/6035/varieties/v800.jpg]
[www.gre.ac.uk/__data/assets/image/0013/6412/varieties/v800.jpg]
[www.gre.ac.uk/__data/assets/image/0015/120228/varieties/v800.jpg]
[www.gre.ac.uk/__data/assets/image/0026/119438/varieties/v800.jpg]
[www.gre.ac.uk/careers.html]
[www.gre.ac.uk/__data/assets/image/0019/5860/varieties/v800.jpg]
[www.gre.ac.uk/__data/assets/image/0014/6602/clearing-adjustment-head.jpg]
[www.gre.ac.uk/__data/assets/image/0020/119702/varieties/v800.jpg]
[www.gre.ac.uk/__data/assets/image/0029/291485/varieties/v1200.jpg]
[www.gre.ac.uk/campaigns/cross-faculty/elevate.html]
[www.gre.ac.uk/__data/assets/image/0023/6629/openday-blur.jpg]
[www.gre.ac.uk/__data/assets/image/0027/5976/varieties/v800.jpg]
[www.gre.ac.uk/__data/assets/image/0023/119336/varieties/v800.jpg]
[www.gre.ac.uk/__data/assets/image/0023/119840/varieties/v800.jpg]
[www.gre.ac.uk/__data/assets/image/0026/5975/varieties/v800.jpg]
[www.gre.ac.uk/for-schools.html]
[www.gre.ac.uk/__data/assets/image/0020/270533/varieties/v800.jpg]
[www.gre.ac.uk/__data/assets/image/0019/270523/varieties/v800.jpg]
[www.gre.ac.uk/__data/assets/image/0023/270536/varieties/v800.jpg]
[www.gre.ac.uk/study/apply.html]
[www.gre.ac.uk/__data/assets/image/0028/292366/varieties/v800.jpg]
[www.gre.ac.uk/__data/assets/image/0022/270526/varieties/v800.jpg]
[www.gre.ac.uk/finance.html]
[www.gre.ac.uk/__data/assets/image/0012/120252/stu-grp-gr-001-blur-background.jpg]
[www.gre.ac.uk/__data/assets/image/0033/196809/varieties/v800.jpg]
[www.gre.ac.uk/__data/assets/image/0029/293825/varieties/v800.jpg]
[www.gre.ac.uk/__data/assets/image/0022/208075/varieties/v800.jpg]
[www.gre.ac.uk/__data/assets/image/0020/119423/varieties/v1200.jpg]
[www.gre.ac.uk/study/after-you-apply.html]
[www.gre.ac.uk/__data/assets/image/0014/120245/student-support-blur.jpg]
[www.gre.ac.uk/__data/assets/image/0022/5854/varieties/v800.jpg]
[www.gre.ac.uk/__data/assets/image/0018/214632/varieties/v800.jpg]
[www.gre.ac.uk/__data/assets/image/0038/299099/varieties/v800.jpg]
[www.gre.ac.uk/__data/assets/image/0021/120099/varieties/v800.jpg]
[www.gre.ac.uk/__data/assets/image/0031/246892/varieties/v800.jpg]
[www.gre.ac.uk/__data/assets/image/0028/248653/varieties/v800.jpg]
[www.gre.ac.uk/__data/assets/image/0026/248651/varieties/v800.jpg]
[www.gre.ac.uk/__data/assets/image/0022/220774/varieties/v800.jpg]
[www.gre.ac.uk/__data/assets/image/0019/233461/ryan-bryce-creative-writing.jpg]
[www.gre.ac.uk/__data/assets/image/0027/247491/nathalie-puetzer-staart.jpg]
[www.gre.ac.uk/support.html]
[www.gre.ac.uk/__data/assets/image/0021/267312/varieties/v1200.jpg]
[www.gre.ac.uk/__data/assets/image/0012/120108/varieties/v800.jpg]
[www.gre.ac.uk/__data/assets/image/0015/120318/varieties/v800.jpg]
[www.gre.ac.uk/__data/assets/image/0021/120288/varieties/v800.jpg]
[www.gre.ac.uk/__data/assets/image/0022/250492/varieties/v800.jpg]
[www.gre.ac.uk/__data/assets/image/0024/298113/varieties/v800.jpg]
[www.gre.ac.uk/__data/assets/image/0014/8150/varieties/v800.jpg]
[www.gre.ac.uk/__data/assets/image/0027/119682/varieties/v800.jpg]
[www.gre.ac.uk/__data/assets/image/0017/270701/varieties/v800.jpg]
[www.gre.ac.uk/__data/assets/image/0018/6435/varieties/v800.jpg]
[www.gre.ac.uk/__data/assets/image/0033/119697/varieties/v800.jpg]
[www.gre.ac.uk/__data/assets/image/0034/293875/varieties/v800.jpg]
[www.gre.ac.uk/__data/assets/image/0024/294504/varieties/v800.jpg]
[www.gre.ac.uk/__data/assets/image/0024/6765/varieties/v800.jpg]
[www.gre.ac.uk/__data/assets/image/0027/294525/varieties/v800.jpg]
[www.gre.ac.uk/__data/assets/image/0024/291714/varieties/v800.jpg]
[www.gre.ac.uk/__data/assets/image/0027/119844/varieties/v800.jpg]
[www.gre.ac.uk/__data/assets/image/0029/295382/varieties/v800.jpg]
[www.gre.ac.uk/__data/assets/image/0030/295752/varieties/v800.jpg]
[www.gre.ac.uk/welcome.html]
